<?xml version="1.0" encoding="UTF-8"?>
<out AtTrib-0.01="Mix-d.Char5">Text-A<Sub-Elem2.0/>teXt.B</out>