<?xml version="1.0" encoding="UTF-8"?>
<out xmlns:bdd="http://buster.com" xmlns:ped="http://tester.com" xmlns="www.lotus.com" english="to leave"/>