<?xml version="1.0" encoding="UTF-8"?>
<axsl:template xmlns:axsl="http://www.w3.org/1999/XSL/Transform" match="/"/>
