<?xml version="1.0" encoding="UTF-8"?>
<out>name|at1|namespace-uri||local-name|at1|</out>