<?xml version="1.0" encoding="UTF-8"?>
<out xmlns:ped="http://www.ped.com"><Out3 xmlns="http://www.bdd.com"/></out>