<?xml version="1.0" encoding="UTF-8"?>
<out>Namespaces for docs:|;
  Namespaces for doc:|;|;
    Namespaces for section:|;|;|;
      Namespaces for inner:|;|;|;|;
    
  
</out>