<?xml version="1.0" encoding="UTF-8"?>
<out xmlns="http://default.com"><inner xmlns:p="http://default.com" p:attr2="true"/></out>