<?xml version="1.0" encoding="UTF-8"?>
<out><doc>
  <b>
    <?a-pi some data?>
    <font face="Arial">item3</font>
  </b>
</doc></out>