<?xml version="1.0" encoding="UTF-8"?>
<out>
  <car color="red" make="honda">
    <plate>HJU-789</plate>
  </car>
  <car color="silver" make="honda">
    <plate>HXU-000</plate>
  </car>
  <car color="black" make="honda">
    <plate>ZXU-040</plate>
  </car>
</out>