<?xml version="1.0" encoding="UTF-8"?>
<out>Text from first element (correct execution)
    </out>