<?xml version="1.0" encoding="UTF-8"?>
<out> near-west center near-east east far-east</out>