<?xml version="1.0" encoding="UTF-8"?>
<out>5 nodes on this axis:
Root Node
E: far-north
E: north
E: near-north
E: center
</out>