<?xml version="1.0" encoding="UTF-8"?>
<out>4
  1
  2
  3
  4
</out>