<?xml version="1.0" encoding="UTF-8"?>
<out>last preceding: north-west1</out>