<!DOCTYPE HTML PUBLIC "-//W3C//DTD HTML 4.0 Transitional">
<root>
<Out> this tests nothing </Out>
<Out> this tests something </Out>
<HEAD>
<META http-equiv="Content-Type" content="text/html; charset=UTF-8">
<Body></Body>
</HEAD>
</root>
