<?xml version="1.0" encoding="ISO-8859-6"?>
<out><test>0626:&#1574;</test><test>062a:&#1578;</test></out>