<?xml version="1.0" encoding="UTF-8"?>
<out>Match on /doc in top xsl
  <C>foo - match on bar in top xsl</C>
</out>