<?xml version="1.0" encoding="UTF-8"?>
<out>-87,504.4812</out>