<?xml version="1.0" encoding="UTF-8"?>
<out>9,87,65,43,21.00</out>