<?xml version="1.0" encoding="UTF-8"?>
<out><es>true</es><ns>false</ns><se>true</se><sn>false</sn></out>