<?xml version="1.0" encoding="UTF-8"?>
<transform>
Hello

Goodbye
</transform>