<?xml version="1.0" encoding="UTF-8"?>
<out>THIS FALLBACK OK !! </out>