<?xml version="1.0" encoding="UTF-8"?>
<out>Got a foo node;Got some other node;
Got some other node;
Got a wiz node;Got a foo node;</out>