<?xml version="1.0" encoding="UTF-8"?>
<out><list>doc|a|b|bb|bbb|c|</list></out>