<?xml version="1.0" encoding="UTF-8"?>
<out Alice="intoxicated" rabbithole="deep" wife="thumbelina" follow="yellowbrickroad" location="Wonderland"/>

