<?xml version="1.0" encoding="UTF-8"?>
<out><test1 color="black" font-size="24pt" font-weight="bold"/></out>