<?xml version="1.0" encoding="UTF-8"?>
<out>1. aaa
2. bbb
3. ccc
4. ddd
</out>