<?xml version="1.0" encoding="UTF-8"?>
<out>
  
    (1) aaa
    (2) bbb
    (3) ccc
  
  
    (1) aaa
    (2) bbb
    (3) ccc
    (4) ddd
    (5) eee
    (6) fff
    (7) ggg
    (8) hhh
    (9) iii
    (10) jjj
    (11) kkk
    (12) lll
    (13) mmm
    (14) nnn
    (15) ooo
    (16) ppp
    (17) qqq
    (18) rrr
    (19) sss
    (20) ttt
    (21) uuu
    (22) vvv
    (23) www
    (24) xxx
    (25) yyy
    (26) aab
    (27) bbb
    (28) ccb
    (29) ddb
    (30) eeb
    (31) ffb
    (32) ggb
    (33) hhb
    (34) iib
    (35) jjb
    (36) kkb
    (37) llb
    (38) mmb
    (39) nnb
    (40) oob
    (41) ppb
    (42) qqb
    (43) rrb
    (44) ssb
    (45) ttb
    (46) uub
    (47) vvb
    (48) wwb
    (49) xxb
    (50) yyb
    (51) aac
    (52) bbc
    (53) ccc
    (54) ddc
    (55) eec
    (56) ffc
    (57) ggc
    (58) hhc
    (59) iic
    (60) jjc
    (61) kkc
    (62) llc
    (63) mmc
    (64) nnc
    (65) ooc
    (66) ppc
    (67) qqc
    (68) rrc
    (69) ssc
    (70) ttc
    (71) uuc
    (72) vvc
    (73) wwc
    (74) xxc
    (75) yyc
    (76) aad
    (77) bbd
    (78) ccd
    (79) ddd
    (80) eed
    (81) ffd
    (82) ggd
    (83) hhd
    (84) iid
    (85) jjd
    (86) kkd
    (87) lld
    (88) mmd
    (89) nnd
    (90) ood
    (91) ppd
    (92) qqd
    (93) rrd
    (94) ssd
    (95) ttd
    (96) uud
    (97) vvd
    (98) wwd
    (99) xxd
    (100) yyd
    (101) aae
    (102) bbe
    (103) cce
    (104) dde
    (105) eee
    (106) ffe
    (107) gge
    (108) hhe
    (109) iie
    (110) jje
    (111) kke
    (112) lle
    (113) mme
    (114) nne
    (115) ooe
    (116) ppe
    (117) qqe
    (118) rre
    (119) sse
    (120) tte
    (121) uue
    (122) vve
    (123) wwe
    (124) xxe
    (125) yye
    (126) aaf
    (127) bbf
    (128) ccf
    (129) ddf
    (130) eef
    (131) fff
    (132) ggf
    (133) hhf
    (134) iif
    (135) jjf
    (136) kkf
    (137) llf
    (138) mmf
    (139) nnf
    (140) oof
    (141) ppf
    (142) qqf
    (143) rrf
    (144) ssf
    (145) ttf
    (146) uuf
    (147) vvf
    (148) wwf
    (149) xxf
    (150) yyf
    (151) aag
    (152) bbg
    (153) ccg
    (154) ddg
    (155) eeg
    (156) ffg
    (157) ggg
    (158) hhg
    (159) iig
    (160) jjg
    (161) kkg
    (162) llg
    (163) mmg
    (164) nng
    (165) oog
    (166) ppg
    (167) qqg
    (168) rrg
    (169) ssg
    (170) ttg
    (171) uug
    (172) vvg
    (173) wwg
    (174) xxg
    (175) yyg
    (176) aah
    (177) bbh
    (178) cch
    (179) ddh
    (180) eeh
    (181) ffh
    (182) ggh
    (183) hhh
    (184) iih
    (185) jjh
    (186) kkh
    (187) llh
    (188) mmh
    (189) nnh
    (190) ooh
    (191) pph
    (192) qqh
    (193) rrh
    (194) ssh
    (195) tth
    (196) uuh
    (197) vvh
    (198) wwh
    (199) xxh
    (200) yyh
    (201) aai
    (202) bbi
    (203) cci
    (204) ddi
    (205) eei
    (206) ffi
    (207) ggi
    (208) hhi
    (209) iii
    (210) jji
    (211) kki
    (212) lli
    (213) mmi
    (214) nni
    (215) ooi
    (216) ppi
    (217) qqi
    (218) rri
    (219) ssi
    (220) tti
    (221) uui
    (222) vvi
    (223) wwi
    (224) xxi
    (225) yyi
    (226) aaj
    (227) bbj
    (228) ccj
    (229) ddj
    (230) eej
    (231) ffj
    (232) ggj
    (233) hhj
    (234) iij
    (235) jjj
    (236) kkj
    (237) llj
    (238) mmj
    (239) nnj
    (240) ooj
    (241) ppj
    (242) qqj
    (243) rrj
    (244) ssj
    (245) ttj
    (246) uuj
    (247) vvj
    (248) wwj
    (249) xxj
    (250) yyj
    (251) aak
    (252) bbk
    (253) cck
    (254) ddk
    (255) eek
    (256) ffk
    (257) ggk
    (258) hhk
    (259) iik
    (260) jjk
    (261) kkk
    (262) llk
    (263) mmk
    (264) nnk
    (265) ook
    (266) ppk
    (267) qqk
    (268) rrk
    (269) ssk
    (270) ttk
    (271) uuk
    (272) vvk
    (273) wwk
    (274) xxk
    (275) yyk
    (276) aal
    (277) bbl
    (278) ccl
    (279) ddl
    (280) eel
    (281) ffl
    (282) ggl
    (283) hhl
    (284) iil
    (285) jjl
    (286) kkl
    (287) lll
    (288) mml
    (289) nnl
    (290) ool
    (291) ppl
    (292) qql
    (293) rrl
    (294) ssl
    (295) ttl
    (296) uul
    (297) vvl
    (298) wwl
    (299) xxl
    (300) yyl
    (301) aam
    (302) bbm
    (303) ccm
    (304) ddm
    (305) eem
    (306) ffm
    (307) ggm
    (308) hhm
    (309) iim
    (310) jjm
    (311) kkm
    (312) llm
    (313) mmm
    (314) nnm
    (315) oom
    (316) ppm
    (317) qqm
    (318) rrm
    (319) ssm
    (320) ttm
    (321) uum
    (322) vvm
    (323) wwm
    (324) xxm
    (325) yym
  
</out>