<?xml version="1.0" encoding="UTF-8"?>
<out>not_b not_b not_b </out>