<?xml version="1.0" encoding="UTF-8"?>
<out>
  a...
got x1 attribute,x2-Wildcard,got ped:x3 attribute,ped:x4-Qualified-wildcard,
</out>