<?xml version="1.0" encoding="UTF-8"?>
<out>Correct - Matched "node()[@x1]" </out>