<?xml version="1.0" encoding="UTF-8"?>
<out>Intro Section,SS Section,Exp Section</out>