<?xml version="1.0" encoding="UTF-8"?>
<root>4 divisions:
  Intro Section.SS Section.
  The next key finds two divisions:
  Exp Section.Second Exp Section.</root>