<?xml version="1.0" encoding="UTF-8"?>
<out>Adobe Systems Inc. ArborText Bitstream Bubba Corporation Bubba Corporation Bubba Corporation Bubba Corporation Bubba Corporation Bubba Corporation Datalogics Enigma, Inc. HCRC Language Technology Group, University of Edinburgh IBM Inso Corporation Invited Expert Lotus Development Corporation Microsoft Corporation Netscape Corporation Novell O'Reilly and Associates, Inc. RivCom Silicon Graphics SoftQuad, Inc. Sun Microsystems Inc. Texcel Veo Systems, Inc. W3C Mon, 5 Jan 1998 webMethods </out>