<?xml version="1.0" encoding="utf-8"?>
<yes><?xmlish woo?></yes>
