<?xml version="1.0" encoding="UTF-8"?>
<out>2,40</out>