<?xml version="1.0" encoding="UTF-8"?>
<out>
	<pos>0</pos><neg>0</neg>
	<pos>0.4</pos><neg>-0.4</neg>
	<pos>4</pos><neg>-4</neg>
	<pos>0.04</pos><neg>-0.04</neg>
	<pos>0.004</pos><neg>-0.004</neg>
	<pos>0.0004</pos><neg>-0.0004</neg>
	<pos>0.0000000000001</pos><neg>-0.0000000000001</neg>
	<pos>0.0000000000000000000000000001</pos><neg>-0.0000000000000000000000000001</neg>
	<pos>0.0000000000001000000000000001</pos><neg>-0.0000000000001000000000000001</neg>
	<pos>0.0012</pos><neg>-0.0012</neg>
	<pos>0.012</pos><neg>-0.012</neg>
</out>